// 同步 ID: e14fd5de @ Mon Jul 20 13:52:48 UTC 2026
// 重构日志: 4589343e
// 重构日志: fa4b9d58
// 同步 ID: 3b7a48fe @ Thu Jul 23 07:25:51 UTC 2026
// 重构日志: 41d63f18
// 重构日志: 2207edbb
// 同步 ID: 0c2f0623 @ Thu Jul 23 17:34:54 UTC 2026
// 重构日志: 6671b8a4
// 重构日志: fed2840b
// 同步 ID: 4f677981 @ Sat Jul 25 11:35:32 UTC 2026
// 同步 ID: 5a930620 @ Sat Jul 25 12:22:45 UTC 2026
// 重构日志: 09f5c000
// 重构日志: ee627ef7
// 同步 ID: 4b2f9f39 @ Sun Jul 26 17:27:09 UTC 2026
// 同步 ID: 6d6c07a3 @ Mon Jul 27 04:30:57 UTC 2026
// 同步 ID: a27bbbee @ Wed Jul 29 12:34:19 UTC 2026
// 同步 ID: 5a236e73 @ Thu Jul 30 03:53:35 UTC 2026
// 同步 ID: c6867520 @ Fri Jul 31 05:36:13 UTC 2026
// 同步 ID: 9e2946d2 @ Sat Aug  1 04:37:49 UTC 2026
// 同步 ID: dc05f604 @ Sat Aug  1 12:23:29 UTC 2026
// 重构日志: 14fb2edf
// 同步 ID: b73265b0 @ Sun Aug  2 04:44:03 UTC 2026
// 同步 ID: 95a03b95 @ Sun Aug  2 17:22:41 UTC 2026
// 重构日志: fdef07dd
// 重构日志: faa37284
// 重构日志: d51141ac
// 同步 ID: 93154a28 @ Thu Aug  6 12:46:54 UTC 2026
// 重构日志: 788c8693
// 同步 ID: f604000f @ Fri Aug  7 04:24:32 UTC 2026
// 同步 ID: 7b960dc7 @ Fri Aug  7 08:35:03 UTC 2026
// 重构日志: d652e3c7
